
> next-portfolio@1.0.1 build
> next build

   Γû▓ Next.js 15.1.9

   Creating an optimized production build ...
node.exe : Failed to 
compile.
At C:\Program 
Files\nodejs\npm.ps1:29 
char:3
+   & $NODE_EXE $NPM_CLI_JS 
$args
+   ~~~~~~~~~~~~~~~~~~~~~~~~
~~~~~
    + CategoryInfo          
    : NotSpecified: (Faile  
  d to compile.:String) [   
 ], RemoteException
    + FullyQualifiedErrorId 
    : NativeCommandError
 

./app/page.tsx
Error:   [31mx[0m `ssr: 
false` is not allowed with 
`next/dynamic` in Server 
Components. Please move it 
into a client component.
    ,-[[36;1;4mC:\Users\maa
zl\Documents\GitHub\next-por
tfolio\app\page.tsx[0m:13:1
]
 [2m10[0m |     );
 [2m11[0m |     
 [2m12[0m |     // Lazy 
load heavy components
 [2m13[0m | [35;1m,[0m[
35;1m-[0m[35;1m>[0m 
const Grid = dynamic(() => i
mport("@/components/grid").t
hen((m) => ({ default: 
m.Grid })), {
 [2m14[0m | [35;1m|[0m  
   loading: () => <div 
className="h-96 
animate-pulse bg-black-100" 
/>,
 [2m15[0m | [35;1m|[0m  
   ssr: false, // Disable 
SSR for heavy 3D content
 [2m16[0m | [35;1m`[0m[
35;1m-[0m[35;1m>[0m });
 [2m17[0m |     
 [2m18[0m |     const 
RecentProjects = dynamic(
 [2m18[0m |       () => im
port("@/components/recent-pr
ojects").then((m) => ({ 
default: m.RecentProjects 
})),
    `----
  [31mx[0m `ssr: false` 
is not allowed with 
`next/dynamic` in Server 
Components. Please move it 
into a client component.
    ,-[[36;1;4mC:\Users\maa
zl\Documents\GitHub\next-por
tfolio\app\page.tsx[0m:43:1
]
 [2m40[0m |       { 
loading: () => <div 
className="h-64 
animate-pulse bg-black-100" 
/> }
 [2m41[0m |     );
 [2m42[0m |     
 [2m43[0m | [35;1m,[0m[
35;1m-[0m[35;1m>[0m 
const Approach = dynamic(
 [2m44[0m | [35;1m|[0m  
   () => import("@/component
s/approach").then((m) => ({ 
default: m.Approach })),
 [2m45[0m | [35;1m|[0m  
   {
 [2m46[0m | [35;1m|[0m  
     loading: () => <div 
className="h-64 
animate-pulse bg-black-100" 
/>,
 [2m47[0m | [35;1m|[0m  
     ssr: false, // Canvas 
effects are client-only
 [2m48[0m | [35;1m|[0m  
   }
 [2m49[0m | [35;1m`[0m[
35;1m-[0m[35;1m>[0m );
 [2m50[0m |     
 [2m51[0m |     const 
Footer = dynamic(
 [2m51[0m |       () => im
port("@/components/footer").
then((m) => ({ default: 
m.Footer })),
    `----

Import trace for requested 
module:
./app/page.tsx


> Build failed because of 
webpack errors
